> part 1: 8715
> part 2: fvstwblgqkhpuixdrnevmaycd
